create table denytest (
    id integer
);
create trigger denytrg after insert or update or delete
on denytest for each row execute procedure pgq.denytriga('baz');
insert into denytest values (1); -- must fail
ERROR:  action denied
select pgq.set_connection_context('foo');
 set_connection_context 
------------------------
 
(1 row)

insert into denytest values (1); -- must fail
ERROR:  action denied
select pgq.set_connection_context('baz');
 set_connection_context 
------------------------
 
(1 row)

insert into denytest values (1); -- must succeed
select pgq.set_connection_context(null);
 set_connection_context 
------------------------
 
(1 row)

delete from denytest; -- must fail
ERROR:  action denied
select pgq.set_connection_context('baz');
 set_connection_context 
------------------------
 
(1 row)

delete from denytest; -- must succeed
